
> frontend@0.0.0 build
> vite build

[36mvite v5.4.15 [32mbuilding for production...[36m[39m
transforming...
[32mΓ£ô[39m 2488 modules transformed.
rendering chunks...
computing gzip size...
[2mdist/[22m[32mindex.html                 [39m[1m[2m  0.46 kB[22m[1m[22m[2m Γöé gzip:   0.29 kB[22m
[2mdist/[22m[35massets/index-CkJ-958R.css  [39m[1m[2m 32.90 kB[22m[1m[22m[2m Γöé gzip:   6.17 kB[22m
[2mdist/[22m[36massets/index-wPbqhCAM.js   [39m[1m[33m652.75 kB[39m[22m[2m Γöé gzip: 191.62 kB[22m
npm : [33m
At line:1 char:1
+ npm run build > 
build_output.txt 2>&1
+ ~~~~~~~~~~~~~~~~~~~~~
~~~~~~~~~~~~~~~~
    + CategoryInfo     
         : NotSpecifi  
  ed: ([33m:String)   
  [], RemoteExcepti    
on
    + FullyQualifiedEr 
   rorId : NativeComm  
  andError
 
(!) Some chunks are 
larger than 500 kB 
after minification. 
Consider:
- Using dynamic 
import() to code-split 
the application
- Use build.rollupOptio
ns.output.manualChunks 
to improve chunking: ht
tps://rollupjs.org/conf
iguration-options/#outp
ut-manualchunks
- Adjust chunk size 
limit for this warning 
via build.chunkSizeWarn
ingLimit.[39m
[32mΓ£ô built in 39.51s[39m
